{"sessionId": "5cb212", "hypothesisId": "G", "location": "audio_capture.py:loop", "message": "periodic audio level", "data": {"rms": 6.011738514644094e-05, "peak": 7.651112537132576e-05, "chunk_counter": 21000}, "timestamp": 1773938129221}
{"sessionId": "5cb212", "hypothesisId": "G", "location": "audio_capture.py:loop", "message": "periodic audio level", "data": {"rms": 5.996620166115463e-05, "peak": 7.573240145575255e-05, "chunk_counter": 24000}, "timestamp": 1773938161896}
{"sessionId": "5cb212", "hypothesisId": "G", "location": "audio_capture.py:loop", "message": "periodic audio level", "data": {"rms": 6.033403042238206e-05, "peak": 7.718479901086539e-05, "chunk_counter": 27000}, "timestamp": 1773938194322}
{"sessionId": "5cb212", "hypothesisId": "G", "location": "audio_capture.py:loop", "message": "periodic audio level", "data": {"rms": 5.947892714175396e-05, "peak": 7.39742536097765e-05, "chunk_counter": 30000}, "timestamp": 1773938226775}
{"sessionId": "5cb212", "hypothesisId": "G", "location": "audio_capture.py:loop", "message": "periodic audio level", "data": {"rms": 5.9687143220799044e-05, "peak": 7.43005148251541e-05, "chunk_counter": 33000}, "timestamp": 1773938259154}
{"sessionId": "5cb212", "hypothesisId": "G", "location": "audio_capture.py:loop", "message": "periodic audio level", "data": {"rms": 6.0278380260569975e-05, "peak": 7.312993693631142e-05, "chunk_counter": 36000}, "timestamp": 1773938291630}
{"sessionId": "5cb212", "hypothesisId": "G", "location": "audio_capture.py:loop", "message": "periodic audio level", "data": {"rms": 6.023100286256522e-05, "peak": 7.279669807758182e-05, "chunk_counter": 39000}, "timestamp": 1773938324065}
{"sessionId": "5cb212", "hypothesisId": "G", "location": "audio_capture.py:loop", "message": "periodic audio level", "data": {"rms": 0.02564195729792118, "peak": 0.0817394107580185, "chunk_counter": 42000}, "timestamp": 1773938357092}
{"sessionId": "5cb212", "hypothesisId": "G", "location": "audio_capture.py:loop", "message": "periodic audio level", "data": {"rms": 0.00799772422760725, "peak": 0.01856962777674198, "chunk_counter": 45000}, "timestamp": 1773938389453}
{"sessionId": "5cb212", "hypothesisId": "A", "location": "main.py:on_wake", "message": "on_wake_word_detected called", "data": {}, "timestamp": 1773938393479}
{"sessionId": "5cb212", "hypothesisId": "C", "location": "main.py:sys_audio", "message": "system audio read", "data": {"system_audio_len": 1440000, "command_audio_is_none": false, "command_audio_len": 111828}, "timestamp": 1773938400559}
{"sessionId": "5cb212", "hypothesisId": "E", "location": "main.py:schedule", "message": "about to schedule process_note", "data": {"server_loop_is_none": false}, "timestamp": 1773938400560}
{"sessionId": "5cb212", "hypothesisId": "F,G", "location": "note_gen.py:entry", "message": "process_note entered", "data": {"sys_audio_len": 1440000, "cmd_audio_len": 111828, "sys_rms": 0.07566910237073898, "sys_peak": 0.6926795840263367, "sys_nonzero_samples": 1440000}, "timestamp": 1773938400571}
{"sessionId": "5cb212", "hypothesisId": "B", "location": "note_gen.py:sys_transcript", "message": "system transcript done", "data": {"transcript_len": 364, "first_80": "\u0627\u0631\u0627\u062f\u062a \u0627\u0644\u0634\u064a\u062e\u0629 \u0642\u062f \u0627\u0642\u0644\u0639\u0646\u0627 \u0639\u0644\u0649 \u0642\u0644\u0628\u064a \u062d\u062a\u0649 \u0623\u0635\u0628\u062d\u062a \u0641\u064a \u062f\u0648\u0627\u0645\u0629 \u0645\u0646 \u0627\u0644\u0645\u0639\u0627\u0635\u064a \u0648\u0643\u0645 \u062d\u0627\u0648\u0644\u062a \u0623\u0646 \u0623\u062a\u0648\u0628 "}, "timestamp": 1773938418682}
{"sessionId": "5cb212", "hypothesisId": "B", "location": "note_gen.py:cmd_transcript", "message": "command transcript done", "data": {"command": "\u0627\u0643\u062a\u0628 \u0645\u0627\u0630\u0627 \u0627\u062c\u0627\u0628\u0647 \u0627\u0644\u0634\u064a\u062e \u0643\u0644\u0645\u0629 \u0639\u0644\u0649 \u0643\u0644\u0645\u0629"}, "timestamp": 1773938419757}
{"sessionId": "5cb212", "hypothesisId": "G", "location": "audio_capture.py:loop", "message": "periodic audio level", "data": {"rms": 6.4352511799370404e-06, "peak": 2.255195431644097e-05, "chunk_counter": 48000}, "timestamp": 1773938421809}
{"sessionId": "5cb212", "hypothesisId": "B", "location": "note_gen.py:note_data", "message": "GPT note generated", "data": {"title": "\u0625\u062c\u0627\u0628\u0629 \u0627\u0644\u0634\u064a\u062e \u0639\u0646 \u0627\u0644\u062a\u0648\u0628\u0629 \u0648\u0627\u0644\u0627\u0633\u062a\u0642\u0627\u0645\u0629", "content_len": 624}, "timestamp": 1773938425845}
{"sessionId": "5cb212", "hypothesisId": "B", "location": "note_gen.py:success", "message": "note created and broadcast", "data": {"note_id": "b1efb514-0723-41b5-867d-13e09e9a8dd7", "title": "\u0625\u062c\u0627\u0628\u0629 \u0627\u0644\u0634\u064a\u062e \u0639\u0646 \u0627\u0644\u062a\u0648\u0628\u0629 \u0648\u0627\u0644\u0627\u0633\u062a\u0642\u0627\u0645\u0629"}, "timestamp": 1773938425861}
{"sessionId": "5cb212", "hypothesisId": "G", "location": "audio_capture.py:loop", "message": "periodic audio level", "data": {"rms": 5.928947757638525e-06, "peak": 1.540066659799777e-05, "chunk_counter": 51000}, "timestamp": 1773938454344}
{"sessionId": "5cb212", "hypothesisId": "G", "location": "audio_capture.py:loop", "message": "periodic audio level", "data": {"rms": 6.103994110162603e-06, "peak": 1.7511645637569018e-05, "chunk_counter": 54000}, "timestamp": 1773938486613}
{"sessionId": "5cb212", "hypothesisId": "A", "location": "main.py:on_wake", "message": "on_wake_word_detected called", "data": {}, "timestamp": 1773938519643}
{"sessionId": "5cb212", "hypothesisId": "G", "location": "audio_capture.py:loop", "message": "periodic audio level", "data": {"rms": 6.0330294218147174e-05, "peak": 7.549874135293067e-05, "chunk_counter": 57000}, "timestamp": 1773938520035}
{"sessionId": "5cb212", "hypothesisId": "C", "location": "main.py:sys_audio", "message": "system audio read", "data": {"system_audio_len": 1440000, "command_audio_is_none": false, "command_audio_len": 111828}, "timestamp": 1773938526755}
{"sessionId": "5cb212", "hypothesisId": "E", "location": "main.py:schedule", "message": "about to schedule process_note", "data": {"server_loop_is_none": false}, "timestamp": 1773938526757}
{"sessionId": "5cb212", "hypothesisId": "F,G", "location": "note_gen.py:entry", "message": "process_note entered", "data": {"sys_audio_len": 1440000, "cmd_audio_len": 111828, "sys_rms": 0.06291341036558151, "sys_peak": 0.6385605335235596, "sys_nonzero_samples": 1440000}, "timestamp": 1773938526771}
{"sessionId": "5cb212", "hypothesisId": "B", "location": "note_gen.py:sys_transcript", "message": "system transcript done", "data": {"transcript_len": 331, "first_80": "writing, don't use chat GPT, use clot. For research, don't use Google search, us"}, "timestamp": 1773938540737}
{"sessionId": "5cb212", "hypothesisId": "B", "location": "note_gen.py:cmd_transcript", "message": "command transcript done", "data": {"command": "Write down which AIs he said we should use and which we should avoid."}, "timestamp": 1773938541570}
{"sessionId": "5cb212", "hypothesisId": "B", "location": "note_gen.py:note_data", "message": "GPT note generated", "data": {"title": "Recommended and Avoided AIs", "content_len": 383}, "timestamp": 1773938545068}
{"sessionId": "5cb212", "hypothesisId": "B", "location": "note_gen.py:success", "message": "note created and broadcast", "data": {"note_id": "c4496e5a-a1bd-4712-9615-579150392201", "title": "Recommended and Avoided AIs"}, "timestamp": 1773938545102}
{"sessionId": "5cb212", "hypothesisId": "G", "location": "audio_capture.py:loop", "message": "periodic audio level", "data": {"rms": 6.085543645895086e-05, "peak": 7.18201554263942e-05, "chunk_counter": 60000}, "timestamp": 1773938552147}
{"sessionId": "5cb212", "hypothesisId": "G", "location": "audio_capture.py:loop", "message": "periodic audio level", "data": {"rms": 6.0178732383064926e-05, "peak": 7.484178786398843e-05, "chunk_counter": 63000}, "timestamp": 1773938584401}
{"sessionId": "5cb212", "hypothesisId": "G", "location": "audio_capture.py:loop", "message": "periodic audio level", "data": {"rms": 6.385181768564507e-05, "peak": 7.623698911629617e-05, "chunk_counter": 66000}, "timestamp": 1773938616843}
{"sessionId": "5cb212", "hypothesisId": "A", "location": "main.py:on_wake", "message": "on_wake_word_detected called", "data": {}, "timestamp": 1773938637406}
{"sessionId": "5cb212", "hypothesisId": "C", "location": "main.py:sys_audio", "message": "system audio read", "data": {"system_audio_len": 1440000, "command_audio_is_none": false, "command_audio_len": 111828}, "timestamp": 1773938644528}
{"sessionId": "5cb212", "hypothesisId": "E", "location": "main.py:schedule", "message": "about to schedule process_note", "data": {"server_loop_is_none": false}, "timestamp": 1773938644530}
{"sessionId": "5cb212", "hypothesisId": "F,G", "location": "note_gen.py:entry", "message": "process_note entered", "data": {"sys_audio_len": 1440000, "cmd_audio_len": 111828, "sys_rms": 0.027897747233510017, "sys_peak": 0.6254660487174988, "sys_nonzero_samples": 1440000}, "timestamp": 1773938644539}
{"sessionId": "5cb212", "hypothesisId": "G", "location": "audio_capture.py:loop", "message": "periodic audio level", "data": {"rms": 6.351627234835178e-05, "peak": 8.0199031799566e-05, "chunk_counter": 69000}, "timestamp": 1773938649683}
{"sessionId": "5cb212", "hypothesisId": "B", "location": "note_gen.py:sys_transcript", "message": "system transcript done", "data": {"transcript_len": 71, "first_80": "you Chad GPT use clot for research don't use Google search use groc you"}, "timestamp": 1773938655603}
{"sessionId": "5cb212", "hypothesisId": "B", "location": "note_gen.py:cmd_transcript", "message": "command transcript done", "data": {"command": "How are you doing? Note the word high."}, "timestamp": 1773938656457}
{"sessionId": "5cb212", "hypothesisId": "B", "location": "note_gen.py:note_data", "message": "GPT note generated", "data": {"title": "Word High Usage", "content_len": 387}, "timestamp": 1773938660550}
{"sessionId": "5cb212", "hypothesisId": "B", "location": "note_gen.py:success", "message": "note created and broadcast", "data": {"note_id": "27d143e9-0434-43eb-89f6-012d8499889d", "title": "Word High Usage"}, "timestamp": 1773938660600}
{"sessionId": "5cb212", "hypothesisId": "G", "location": "audio_capture.py:loop", "message": "periodic audio level", "data": {"rms": 6.408392800949514e-05, "peak": 7.729091885266826e-05, "chunk_counter": 72000}, "timestamp": 1773938681898}
{"sessionId": "5cb212", "hypothesisId": "A", "location": "main.py:on_wake", "message": "on_wake_word_detected called", "data": {}, "timestamp": 1773938695756}
{"sessionId": "5cb212", "hypothesisId": "C", "location": "main.py:sys_audio", "message": "system audio read", "data": {"system_audio_len": 1440000, "command_audio_is_none": false, "command_audio_len": 111828}, "timestamp": 1773938702895}
{"sessionId": "5cb212", "hypothesisId": "E", "location": "main.py:schedule", "message": "about to schedule process_note", "data": {"server_loop_is_none": false}, "timestamp": 1773938702896}
{"sessionId": "5cb212", "hypothesisId": "F,G", "location": "note_gen.py:entry", "message": "process_note entered", "data": {"sys_audio_len": 1440000, "cmd_audio_len": 111828, "sys_rms": 6.391865463228896e-05, "sys_peak": 8.900457760319114e-05, "sys_nonzero_samples": 1440000}, "timestamp": 1773938702906}
{"sessionId": "5cb212", "hypothesisId": "G", "location": "audio_capture.py:loop", "message": "periodic audio level", "data": {"rms": 6.38440324109979e-05, "peak": 8.0199031799566e-05, "chunk_counter": 75000}, "timestamp": 1773938714110}
{"sessionId": "5cb212", "hypothesisId": "B", "location": "note_gen.py:sys_transcript", "message": "system transcript done", "data": {"transcript_len": 0, "first_80": ""}, "timestamp": 1773938725525}
{"sessionId": "5cb212", "hypothesisId": "B", "location": "note_gen.py:cmd_transcript", "message": "command transcript done", "data": {"command": ". ."}, "timestamp": 1773938727839}
{"sessionId": "5cb212", "hypothesisId": "B", "location": "note_gen.py:note_data", "message": "GPT note generated", "data": {"title": "No content provided", "content_len": 65}, "timestamp": 1773938729674}
{"sessionId": "5cb212", "hypothesisId": "B", "location": "note_gen.py:success", "message": "note created and broadcast", "data": {"note_id": "4f814d50-3071-48e4-a2f6-1a87e80cda66", "title": "No content provided"}, "timestamp": 1773938729722}
{"sessionId": "5cb212", "hypothesisId": "G", "location": "audio_capture.py:loop", "message": "periodic audio level", "data": {"rms": 6.43680032226257e-05, "peak": 7.761751476209611e-05, "chunk_counter": 78000}, "timestamp": 1773938746425}
{"sessionId": "5cb212", "hypothesisId": "G", "location": "audio_capture.py:loop", "message": "periodic audio level", "data": {"rms": 6.387164467014372e-05, "peak": 7.526096305809915e-05, "chunk_counter": 81000}, "timestamp": 1773938778682}
{"sessionId": "5cb212", "hypothesisId": "G", "location": "audio_capture.py:loop", "message": "periodic audio level", "data": {"rms": 6.392087379936129e-05, "peak": 7.623698911629617e-05, "chunk_counter": 84000}, "timestamp": 1773938810943}
{"sessionId": "5cb212", "hypothesisId": "G", "location": "audio_capture.py:loop", "message": "periodic audio level", "data": {"rms": 6.371739436872303e-05, "peak": 8.067180897342041e-05, "chunk_counter": 87000}, "timestamp": 1773938843236}
{"sessionId": "5cb212", "hypothesisId": "G", "location": "audio_capture.py:loop", "message": "periodic audio level", "data": {"rms": 6.403529550880194e-05, "peak": 8.561694266973063e-05, "chunk_counter": 90000}, "timestamp": 1773938875515}
{"sessionId": "5cb212", "hypothesisId": "G", "location": "audio_capture.py:loop", "message": "periodic audio level", "data": {"rms": 6.437529373215511e-05, "peak": 7.731172809144482e-05, "chunk_counter": 93000}, "timestamp": 1773940679883}
{"sessionId": "5cb212", "hypothesisId": "G", "location": "audio_capture.py:loop", "message": "periodic audio level", "data": {"rms": 6.448805652325973e-05, "peak": 7.993570761755109e-05, "chunk_counter": 96000}, "timestamp": 1773940712270}
{"sessionId": "5cb212", "hypothesisId": "G", "location": "audio_capture.py:loop", "message": "periodic audio level", "data": {"rms": 6.385899905581027e-05, "peak": 7.958271453389898e-05, "chunk_counter": 99000}, "timestamp": 1773940744905}
{"sessionId": "5cb212", "hypothesisId": "G", "location": "audio_capture.py:loop", "message": "periodic audio level", "data": {"rms": 6.361842679325491e-05, "peak": 8.297038584714755e-05, "chunk_counter": 102000}, "timestamp": 1773940777237}
{"sessionId": "5cb212", "hypothesisId": "G", "location": "audio_capture.py:loop", "message": "periodic audio level", "data": {"rms": 6.380283593898639e-05, "peak": 7.485702371923253e-05, "chunk_counter": 105000}, "timestamp": 1773940809768}
{"sessionId": "5cb212", "hypothesisId": "G", "location": "audio_capture.py:loop", "message": "periodic audio level", "data": {"rms": 6.351635965984315e-05, "peak": 7.957024354254827e-05, "chunk_counter": 108000}, "timestamp": 1773940842495}
{"sessionId": "5cb212", "hypothesisId": "G", "location": "audio_capture.py:loop", "message": "periodic audio level", "data": {"rms": 6.369708717102185e-05, "peak": 7.67814417486079e-05, "chunk_counter": 111000}, "timestamp": 1773940875194}
{"sessionId": "5cb212", "hypothesisId": "G", "location": "audio_capture.py:loop", "message": "periodic audio level", "data": {"rms": 6.389628833858296e-05, "peak": 7.963990356074646e-05, "chunk_counter": 114000}, "timestamp": 1773940907942}
{"sessionId": "5cb212", "hypothesisId": "A", "location": "main.py:on_wake", "message": "on_wake_word_detected called", "data": {}, "timestamp": 1773940928451}
{"sessionId": "5cb212", "hypothesisId": "C", "location": "main.py:sys_audio", "message": "system audio read", "data": {"system_audio_len": 1440000, "command_audio_is_none": false, "command_audio_len": 111828}, "timestamp": 1773940935562}
{"sessionId": "5cb212", "hypothesisId": "E", "location": "main.py:schedule", "message": "about to schedule process_note", "data": {"server_loop_is_none": false}, "timestamp": 1773940935569}
{"sessionId": "5cb212", "hypothesisId": "F,G", "location": "note_gen.py:entry", "message": "process_note entered", "data": {"sys_audio_len": 1440000, "cmd_audio_len": 111828, "sys_rms": 6.391806527972221e-05, "sys_peak": 8.901231922209263e-05, "sys_nonzero_samples": 1440000}, "timestamp": 1773940935583}
{"sessionId": "5cb212", "hypothesisId": "G", "location": "audio_capture.py:loop", "message": "periodic audio level", "data": {"rms": 6.352603668347001e-05, "peak": 7.675647066207603e-05, "chunk_counter": 117000}, "timestamp": 1773940940539}
{"sessionId": "5cb212", "hypothesisId": "B", "location": "note_gen.py:sys_transcript", "message": "system transcript done", "data": {"transcript_len": 0, "first_80": ""}, "timestamp": 1773940960463}
{"sessionId": "5cb212", "hypothesisId": "B", "location": "note_gen.py:cmd_transcript", "message": "command transcript done", "data": {"command": ". ."}, "timestamp": 1773940961670}
{"sessionId": "5cb212", "hypothesisId": "B", "location": "note_gen.py:note_data", "message": "GPT note generated", "data": {"title": "No Content Provided", "content_len": 76}, "timestamp": 1773940963213}
{"sessionId": "5cb212", "hypothesisId": "B", "location": "note_gen.py:success", "message": "note created and broadcast", "data": {"note_id": "399d2d91-6e05-4397-a149-736d79402858", "title": "No Content Provided"}, "timestamp": 1773940963234}
{"sessionId": "5cb212", "hypothesisId": "G", "location": "audio_capture.py:loop", "message": "periodic audio level", "data": {"rms": 6.394066440407187e-05, "peak": 8.0199031799566e-05, "chunk_counter": 120000}, "timestamp": 1773940974425}
{"sessionId": "5cb212", "hypothesisId": "G", "location": "audio_capture.py:loop", "message": "periodic audio level", "data": {"rms": 6.372269854182377e-05, "peak": 8.253186388174072e-05, "chunk_counter": 123000}, "timestamp": 1773941006727}
{"sessionId": "5cb212", "hypothesisId": "G", "location": "audio_capture.py:loop", "message": "periodic audio level", "data": {"rms": 6.350470357574522e-05, "peak": 8.067180897342041e-05, "chunk_counter": 126000}, "timestamp": 1773941039211}
{"sessionId": "5cb212", "hypothesisId": "G", "location": "audio_capture.py:loop", "message": "periodic audio level", "data": {"rms": 6.391818169504404e-05, "peak": 7.626791193615645e-05, "chunk_counter": 129000}, "timestamp": 1773941074591}
{"sessionId": "5cb212", "hypothesisId": "G", "location": "audio_capture.py:loop", "message": "periodic audio level", "data": {"rms": 6.362668500514701e-05, "peak": 7.636071677552536e-05, "chunk_counter": 132000}, "timestamp": 1773941106890}
{"sessionId": "5cb212", "hypothesisId": "G", "location": "audio_capture.py:loop", "message": "periodic audio level", "data": {"rms": 6.366921297740191e-05, "peak": 7.932569860713556e-05, "chunk_counter": 135000}, "timestamp": 1773941139359}
{"sessionId": "5cb212", "hypothesisId": "G", "location": "audio_capture.py:loop", "message": "periodic audio level", "data": {"rms": 6.379290425684303e-05, "peak": 7.932569860713556e-05, "chunk_counter": 138000}, "timestamp": 1773941171593}
{"sessionId": "5cb212", "hypothesisId": "G", "location": "audio_capture.py:loop", "message": "periodic audio level", "data": {"rms": 6.428437336580828e-05, "peak": 8.389248978346586e-05, "chunk_counter": 141000}, "timestamp": 1773941204147}
{"sessionId": "5cb212", "hypothesisId": "G", "location": "audio_capture.py:loop", "message": "periodic audio level", "data": {"rms": 5.7601413573138416e-05, "peak": 7.19202944310382e-05, "chunk_counter": 144000}, "timestamp": 1773941242538}
{"sessionId": "5cb212", "hypothesisId": "A", "location": "main.py:on_wake", "message": "on_wake_word_detected called", "data": {}, "timestamp": 1773941247361}
{"sessionId": "5cb212", "hypothesisId": "C", "location": "main.py:sys_audio", "message": "system audio read", "data": {"system_audio_len": 1440000, "command_audio_is_none": false, "command_audio_len": 111828}, "timestamp": 1773941255048}
{"sessionId": "5cb212", "hypothesisId": "E", "location": "main.py:schedule", "message": "about to schedule process_note", "data": {"server_loop_is_none": false}, "timestamp": 1773941255050}
{"sessionId": "5cb212", "hypothesisId": "F,G", "location": "note_gen.py:entry", "message": "process_note entered", "data": {"sys_audio_len": 1440000, "cmd_audio_len": 111828, "sys_rms": 0.03285379335284233, "sys_peak": 0.5532454252243042, "sys_nonzero_samples": 1440000}, "timestamp": 1773941255065}
{"sessionId": "5cb212", "hypothesisId": "B", "location": "note_gen.py:sys_transcript", "message": "system transcript done", "data": {"transcript_len": 74, "first_80": "Diolch am wylio'r fideo. Diolch am wylio'r fideo. Diolch am wylio'r fideo."}, "timestamp": 1773941267125}
{"sessionId": "5cb212", "hypothesisId": "B", "location": "note_gen.py:cmd_transcript", "message": "command transcript done", "data": {"command": "\u0627\u0634\u062a\u0631\u0643\u0648\u0627 \u0641\u064a \u0627\u0644\u0642\u0646\u0627\u0629"}, "timestamp": 1773941268624}
{"sessionId": "5cb212", "hypothesisId": "B", "location": "note_gen.py:note_data", "message": "GPT note generated", "data": {"title": "\u062f\u0639\u0648\u0629 \u0644\u0644\u0627\u0634\u062a\u0631\u0627\u0643 \u0641\u064a \u0627\u0644\u0642\u0646\u0627\u0629", "content_len": 115}, "timestamp": 1773941271120}
{"sessionId": "5cb212", "hypothesisId": "B", "location": "note_gen.py:success", "message": "note created and broadcast", "data": {"note_id": "3f024e9f-b246-48a3-a5e5-447cb158cb20", "title": "\u062f\u0639\u0648\u0629 \u0644\u0644\u0627\u0634\u062a\u0631\u0627\u0643 \u0641\u064a \u0627\u0644\u0642\u0646\u0627\u0629"}, "timestamp": 1773941271156}
{"sessionId": "5cb212", "hypothesisId": "G", "location": "audio_capture.py:loop", "message": "periodic audio level", "data": {"rms": 5.704310751752928e-05, "peak": 7.513436867156997e-05, "chunk_counter": 147000}, "timestamp": 1773941276737}
{"sessionId": "5cb212", "hypothesisId": "G", "location": "audio_capture.py:loop", "message": "periodic audio level", "data": {"rms": 0.046908777207136154, "peak": 0.10042092204093933, "chunk_counter": 150000}, "timestamp": 1773941310370}
{"sessionId": "5cb212", "hypothesisId": "G", "location": "audio_capture.py:loop", "message": "periodic audio level", "data": {"rms": 6.0932026826776564e-05, "peak": 7.675296365050599e-05, "chunk_counter": 153000}, "timestamp": 1773941342834}
{"sessionId": "5cb212", "hypothesisId": "G", "location": "audio_capture.py:loop", "message": "periodic audio level", "data": {"rms": 0.0, "peak": 0.0, "chunk_counter": 156000}, "timestamp": 1773941375689}
{"sessionId": "5cb212", "hypothesisId": "A", "location": "main.py:on_wake", "message": "on_wake_word_detected called", "data": {}, "timestamp": 1773941403876}
{"sessionId": "5cb212", "hypothesisId": "G", "location": "audio_capture.py:loop", "message": "periodic audio level", "data": {"rms": 7.911621651146561e-06, "peak": 2.376335032749921e-05, "chunk_counter": 159000}, "timestamp": 1773941408419}
{"sessionId": "5cb212", "hypothesisId": "C", "location": "main.py:sys_audio", "message": "system audio read", "data": {"system_audio_len": 1440000, "command_audio_is_none": false, "command_audio_len": 111828}, "timestamp": 1773941410969}
{"sessionId": "5cb212", "hypothesisId": "E", "location": "main.py:schedule", "message": "about to schedule process_note", "data": {"server_loop_is_none": false}, "timestamp": 1773941410970}
{"sessionId": "5cb212", "hypothesisId": "F,G", "location": "note_gen.py:entry", "message": "process_note entered", "data": {"sys_audio_len": 1440000, "cmd_audio_len": 111828, "sys_rms": 0.001153389224782586, "sys_peak": 0.1375022828578949, "sys_nonzero_samples": 1303817}, "timestamp": 1773941410980}
{"sessionId": "5cb212", "hypothesisId": "B", "location": "note_gen.py:sys_transcript", "message": "system transcript done", "data": {"transcript_len": 3, "first_80": "you"}, "timestamp": 1773941419717}
{"sessionId": "5cb212", "hypothesisId": "B", "location": "note_gen.py:cmd_transcript", "message": "command transcript done", "data": {"command": "\u0627\u0646\u062a \u0643\u0644\u0627\u064a\u0628\u0647 \u064a\u0627 \u0643\u0644\u0628 \u0646\u064a\u062a\u0648 \u0627\u0633\u0645\u0647 \u0643\u0644\u0627\u064a\u0628\u0647"}, "timestamp": 1773941421357}
{"sessionId": "5cb212", "hypothesisId": "B", "location": "note_gen.py:note_data", "message": "GPT note generated", "data": {"title": "\u0631\u062f\u0648\u062f \u0639\u0644\u0649 \u0646\u064a\u062a\u0648", "content_len": 127}, "timestamp": 1773941425792}
{"sessionId": "5cb212", "hypothesisId": "B", "location": "note_gen.py:success", "message": "note created and broadcast", "data": {"note_id": "2ecfc25c-4029-4a41-a2c8-a2633018a0b5", "title": "\u0631\u062f\u0648\u062f \u0639\u0644\u0649 \u0646\u064a\u062a\u0648"}, "timestamp": 1773941425824}
{"sessionId": "5cb212", "hypothesisId": "G", "location": "audio_capture.py:loop", "message": "periodic audio level", "data": {"rms": 7.451179499184946e-06, "peak": 2.094432056765072e-05, "chunk_counter": 162000}, "timestamp": 1773941440760}
{"sessionId": "5cb212", "hypothesisId": "A", "location": "main.py:on_wake", "message": "on_wake_word_detected called", "data": {}, "timestamp": 1773941457634}
{"sessionId": "5cb212", "hypothesisId": "C", "location": "main.py:sys_audio", "message": "system audio read", "data": {"system_audio_len": 1440000, "command_audio_is_none": false, "command_audio_len": 111828}, "timestamp": 1773941464725}
{"sessionId": "5cb212", "hypothesisId": "E", "location": "main.py:schedule", "message": "about to schedule process_note", "data": {"server_loop_is_none": false}, "timestamp": 1773941464733}
{"sessionId": "5cb212", "hypothesisId": "F,G", "location": "note_gen.py:entry", "message": "process_note entered", "data": {"sys_audio_len": 1440000, "cmd_audio_len": 111828, "sys_rms": 0.0006321656983345747, "sys_peak": 0.13060934841632843, "sys_nonzero_samples": 1354521}, "timestamp": 1773941464766}
{"sessionId": "5cb212", "hypothesisId": "B", "location": "note_gen.py:sys_transcript", "message": "system transcript done", "data": {"transcript_len": 11, "first_80": "You You You"}, "timestamp": 1773941468650}
{"sessionId": "5cb212", "hypothesisId": "B", "location": "note_gen.py:cmd_transcript", "message": "command transcript done", "data": {"command": "\u0627\u0634\u062a\u0631\u0643\u0648\u0627 \u0641\u064a \u0627\u0644\u0642\u0646\u0627\u0629"}, "timestamp": 1773941469771}
{"sessionId": "5cb212", "hypothesisId": "G", "location": "audio_capture.py:loop", "message": "periodic audio level", "data": {"rms": 7.547769200755283e-06, "peak": 1.9469187463982962e-05, "chunk_counter": 165000}, "timestamp": 1773941473034}
{"sessionId": "5cb212", "hypothesisId": "B", "location": "note_gen.py:note_data", "message": "GPT note generated", "data": {"title": "\u062f\u0639\u0648\u0629 \u0644\u0644\u0627\u0634\u062a\u0631\u0627\u0643 \u0641\u064a \u0627\u0644\u0642\u0646\u0627\u0629", "content_len": 119}, "timestamp": 1773941473257}
{"sessionId": "5cb212", "hypothesisId": "B", "location": "note_gen.py:success", "message": "note created and broadcast", "data": {"note_id": "e4c6d21f-83d8-4121-a430-4d27695245be", "title": "\u062f\u0639\u0648\u0629 \u0644\u0644\u0627\u0634\u062a\u0631\u0627\u0643 \u0641\u064a \u0627\u0644\u0642\u0646\u0627\u0629"}, "timestamp": 1773941473288}
{"sessionId": "5cb212", "hypothesisId": "G", "location": "audio_capture.py:loop", "message": "periodic audio level", "data": {"rms": 8.328077456098981e-06, "peak": 2.4098992071230896e-05, "chunk_counter": 168000}, "timestamp": 1773941505602}
{"sessionId": "5cb212", "hypothesisId": "G", "location": "audio_capture.py:loop", "message": "periodic audio level", "data": {"rms": 7.872039532230701e-06, "peak": 2.1290636141202413e-05, "chunk_counter": 171000}, "timestamp": 1773941538142}
{"sessionId": "5cb212", "hypothesisId": "G", "location": "audio_capture.py:loop", "message": "periodic audio level", "data": {"rms": 7.507298050768441e-06, "peak": 1.934815736603923e-05, "chunk_counter": 174000}, "timestamp": 1773941572259}
{"sessionId": "5cb212", "hypothesisId": "G", "location": "audio_capture.py:loop", "message": "periodic audio level", "data": {"rms": 7.763917892589234e-06, "peak": 2.1652731447829865e-05, "chunk_counter": 177000}, "timestamp": 1773941604824}
{"sessionId": "5cb212", "hypothesisId": "G", "location": "audio_capture.py:loop", "message": "periodic audio level", "data": {"rms": 8.109217560559046e-06, "peak": 2.2773512682761066e-05, "chunk_counter": 180000}, "timestamp": 1773941637391}
{"sessionId": "5cb212", "hypothesisId": "G", "location": "audio_capture.py:loop", "message": "periodic audio level", "data": {"rms": 8.128380613925401e-06, "peak": 2.1290636141202413e-05, "chunk_counter": 183000}, "timestamp": 1773941669786}
{"sessionId": "5cb212", "hypothesisId": "G", "location": "audio_capture.py:loop", "message": "periodic audio level", "data": {"rms": 7.85853171691997e-06, "peak": 2.238646811747458e-05, "chunk_counter": 186000}, "timestamp": 1773941702250}
{"sessionId": "5cb212", "hypothesisId": "A", "location": "main.py:on_wake", "message": "on_wake_word_detected called", "data": {}, "timestamp": 1773941710286}
{"sessionId": "5cb212", "hypothesisId": "C", "location": "main.py:sys_audio", "message": "system audio read", "data": {"system_audio_len": 1440000, "command_audio_is_none": false, "command_audio_len": 111828}, "timestamp": 1773941717387}
{"sessionId": "5cb212", "hypothesisId": "E", "location": "main.py:schedule", "message": "about to schedule process_note", "data": {"server_loop_is_none": false}, "timestamp": 1773941717388}
{"sessionId": "5cb212", "hypothesisId": "F,G", "location": "note_gen.py:entry", "message": "process_note entered", "data": {"sys_audio_len": 1440000, "cmd_audio_len": 111828, "sys_rms": 7.900574019004125e-06, "sys_peak": 2.7831127226818353e-05, "sys_nonzero_samples": 1440000}, "timestamp": 1773941717402}
{"sessionId": "5cb212", "hypothesisId": "G", "location": "audio_capture.py:loop", "message": "periodic audio level", "data": {"rms": 8.317895662912633e-06, "peak": 2.0227018467267044e-05, "chunk_counter": 189000}, "timestamp": 1773941734946}
{"sessionId": "5cb212", "hypothesisId": "B", "location": "note_gen.py:sys_transcript", "message": "system transcript done", "data": {"transcript_len": 370, "first_80": "Yn gyffredin, mae'r aelodau'n cael eu hachub ar y bwyd. Mae'r aelodau'n cael eu "}, "timestamp": 1773941739367}
{"sessionId": "5cb212", "hypothesisId": "B", "location": "note_gen.py:cmd_transcript", "message": "command transcript done", "data": {"command": "\u0627\u0644\u062d\u0645\u062f \u0644\u0644\u0647 \u0631\u062f\u064a\u062a \u064a\u0627 \u0643\u0644\u0628 \u064a\u0627 \u0643\u0644\u0628 \u064a\u0627 \u0648\u0627\u0637\u064a \u064a\u0627 \u0633\u0644\u0645\u0627\u064a \u0627\u0646\u062a"}, "timestamp": 1773941740926}
{"sessionId": "5cb212", "hypothesisId": "B", "location": "note_gen.py:note_data", "message": "GPT note generated", "data": {"title": "Response to an Insult", "content_len": 622}, "timestamp": 1773941747288}
{"sessionId": "5cb212", "hypothesisId": "B", "location": "note_gen.py:success", "message": "note created and broadcast", "data": {"note_id": "01e113b4-cab5-48c1-8ab7-69ba46a64140", "title": "Response to an Insult"}, "timestamp": 1773941747354}
{"sessionId": "5cb212", "hypothesisId": "G", "location": "audio_capture.py:loop", "message": "periodic audio level", "data": {"rms": 8.41082692204509e-06, "peak": 2.376335032749921e-05, "chunk_counter": 192000}, "timestamp": 1773941767266}
{"sessionId": "5cb212", "hypothesisId": "G", "location": "audio_capture.py:loop", "message": "periodic audio level", "data": {"rms": 7.727372576482594e-06, "peak": 2.0521232727332972e-05, "chunk_counter": 195000}, "timestamp": 1773941799971}
{"sessionId": "5cb212", "hypothesisId": "G", "location": "audio_capture.py:loop", "message": "periodic audio level", "data": {"rms": 8.086328307399526e-06, "peak": 2.3039989173412323e-05, "chunk_counter": 198000}, "timestamp": 1773941832390}
{"sessionId": "5cb212", "hypothesisId": "G", "location": "audio_capture.py:loop", "message": "periodic audio level", "data": {"rms": 8.066820555541199e-06, "peak": 1.9558026906452142e-05, "chunk_counter": 201000}, "timestamp": 1773941865346}
{"sessionId": "5cb212", "hypothesisId": "G", "location": "audio_capture.py:loop", "message": "periodic audio level", "data": {"rms": 8.287518539873417e-06, "peak": 2.152854904124979e-05, "chunk_counter": 204000}, "timestamp": 1773941897477}
{"sessionId": "5cb212", "hypothesisId": "G", "location": "audio_capture.py:loop", "message": "periodic audio level", "data": {"rms": 8.136174983519595e-06, "peak": 2.4882901925593615e-05, "chunk_counter": 207000}, "timestamp": 1773941929573}
{"sessionId": "5cb212", "hypothesisId": "G", "location": "audio_capture.py:loop", "message": "periodic audio level", "data": {"rms": 7.723999260633718e-06, "peak": 2.409512671874836e-05, "chunk_counter": 210000}, "timestamp": 1773941961986}
{"sessionId": "5cb212", "hypothesisId": "A", "location": "main.py:on_wake", "message": "on_wake_word_detected called", "data": {}, "timestamp": 1773941970102}
{"sessionId": "5cb212", "hypothesisId": "C", "location": "main.py:sys_audio", "message": "system audio read", "data": {"system_audio_len": 1440000, "command_audio_is_none": false, "command_audio_len": 111828}, "timestamp": 1773941977173}
{"sessionId": "5cb212", "hypothesisId": "E", "location": "main.py:schedule", "message": "about to schedule process_note", "data": {"server_loop_is_none": false}, "timestamp": 1773941977179}
{"sessionId": "5cb212", "hypothesisId": "F,G", "location": "note_gen.py:entry", "message": "process_note entered", "data": {"sys_audio_len": 1440000, "cmd_audio_len": 111828, "sys_rms": 0.015582502819597721, "sys_peak": 0.3778016269207001, "sys_nonzero_samples": 1440000}, "timestamp": 1773941977190}
{"sessionId": "5cb212", "hypothesisId": "G", "location": "audio_capture.py:loop", "message": "periodic audio level", "data": {"rms": 5.687959128408693e-05, "peak": 7.03738842275925e-05, "chunk_counter": 213000}, "timestamp": 1773941994857}
{"sessionId": "5cb212", "hypothesisId": "B", "location": "note_gen.py:sys_transcript", "message": "system transcript done", "data": {"transcript_len": 112, "first_80": "By the way, I'm not saying Muslims should not be in shape, I support it. I've tr"}, "timestamp": 1773942020996}
{"sessionId": "5cb212", "hypothesisId": "B", "location": "note_gen.py:cmd_transcript", "message": "command transcript done", "data": {"command": "It's nothing, forget I said anything."}, "timestamp": 1773942022245}
{"sessionId": "5cb212", "hypothesisId": "B", "location": "note_gen.py:note_data", "message": "GPT note generated", "data": {"title": "Discussion on Fitness and Gym Attendance", "content_len": 243}, "timestamp": 1773942025148}
{"sessionId": "5cb212", "hypothesisId": "B", "location": "note_gen.py:success", "message": "note created and broadcast", "data": {"note_id": "fc24c8e6-ae82-4472-a9b3-43c2ea9f2234", "title": "Discussion on Fitness and Gym Attendance"}, "timestamp": 1773942025203}
{"sessionId": "5cb212", "hypothesisId": "G", "location": "audio_capture.py:loop", "message": "periodic audio level", "data": {"rms": 5.668313315254636e-05, "peak": 7.09249361534603e-05, "chunk_counter": 216000}, "timestamp": 1773942027523}
{"sessionId": "5cb212", "hypothesisId": "A", "location": "main.py:on_wake", "message": "on_wake_word_detected called", "data": {}, "timestamp": 1773942051963}
{"sessionId": "5cb212", "hypothesisId": "C", "location": "main.py:sys_audio", "message": "system audio read", "data": {"system_audio_len": 1440000, "command_audio_is_none": false, "command_audio_len": 111828}, "timestamp": 1773942059259}
{"sessionId": "5cb212", "hypothesisId": "E", "location": "main.py:schedule", "message": "about to schedule process_note", "data": {"server_loop_is_none": false}, "timestamp": 1773942059262}
{"sessionId": "5cb212", "hypothesisId": "F,G", "location": "note_gen.py:entry", "message": "process_note entered", "data": {"sys_audio_len": 1440000, "cmd_audio_len": 111828, "sys_rms": 0.025790194049477577, "sys_peak": 0.4992065727710724, "sys_nonzero_samples": 1440000}, "timestamp": 1773942059272}
{"sessionId": "5cb212", "hypothesisId": "G", "location": "audio_capture.py:loop", "message": "periodic audio level", "data": {"rms": 6.405438034562394e-05, "peak": 7.917650509625673e-05, "chunk_counter": 219000}, "timestamp": 1773942060743}
{"sessionId": "5cb212", "hypothesisId": "B", "location": "note_gen.py:sys_transcript", "message": "system transcript done", "data": {"transcript_len": 215, "first_80": "By the way I'm not saying Muslims should not be in shape. I support it. I've tri"}, "timestamp": 1773942070249}
{"sessionId": "5cb212", "hypothesisId": "B", "location": "note_gen.py:cmd_transcript", "message": "command transcript done", "data": {"command": "Summarize what he just said."}, "timestamp": 1773942071368}
{"sessionId": "5cb212", "hypothesisId": "B", "location": "note_gen.py:note_data", "message": "GPT note generated", "data": {"title": "Discussion on Fitness and Anatomy", "content_len": 334}, "timestamp": 1773942076397}
{"sessionId": "5cb212", "hypothesisId": "B", "location": "note_gen.py:success", "message": "note created and broadcast", "data": {"note_id": "0456a996-9c8b-4292-81e9-bc0e058d0d5f", "title": "Discussion on Fitness and Anatomy"}, "timestamp": 1773942076416}
{"sessionId": "5cb212", "hypothesisId": "G", "location": "audio_capture.py:loop", "message": "periodic audio level", "data": {"rms": 6.433221278712153e-05, "peak": 8.12197758932598e-05, "chunk_counter": 222000}, "timestamp": 1773942093689}
{"sessionId": "5cb212", "hypothesisId": "G", "location": "audio_capture.py:loop", "message": "periodic audio level", "data": {"rms": 6.325985305011272e-05, "peak": 7.848783570807427e-05, "chunk_counter": 225000}, "timestamp": 1773942126317}
